// Jest Snapshot v1, https://goo.gl/fbAQLP

exports[`Profile Container Snapshot 1`] = `
<View
  style={
    Object {
      "alignItems": "center",
      "backgroundColor": "#50b8a8",
      "flex": 1,
      "justifyContent": "center",
      "width": "100%",
    }
  }
>
  <View
    collapsable={false}
    forwardedRef={[Function]}
    style={
      Object {
        "alignItems": "center",
        "flexDirection": "row",
        "justifyContent": "center",
        "transform": Array [
          Object {
            "translateY": -100,
          },
        ],
      }
    }
  >
    <Text
      style={
        Object {
          "color": "white",
          "fontSize": 50,
        }
      }
    >
      Hello 
    </Text>
    <Text
      style={
        Object {
          "color": "white",
          "fontSize": 80,
          "fontWeight": "600",
        }
      }
    />
  </View>
  <Text
    collapsable={false}
    forwardedRef={[Function]}
    style={
      Object {
        "color": "white",
        "fontSize": 60,
        "fontWeight": "700",
        "transform": Array [
          Object {
            "translateX": 100,
          },
        ],
      }
    }
  >
    Profile Container
  </Text>
  <Text
    collapsable={false}
    forwardedRef={[Function]}
    style={
      Object {
        "color": "white",
        "fontSize": 30,
        "textTransform": "lowercase",
        "transform": Array [
          Object {
            "translateX": -100,
          },
        ],
      }
    }
  >
    Is Under Maintenance
  </Text>
</View>
`;
