// Jest Snapshot v1, https://goo.gl/fbAQLP

exports[`BottomSheetComponent Snapshot 1`] = `
<Modal
  hardwareAccelerated={false}
  transparent={true}
  visible={true}
>
  <View
    style={
      Array [
        Object {
          "flex": 1,
          "justifyContent": "flex-end",
        },
        Object {
          "backgroundColor": "#25252599",
        },
      ]
    }
  >
    <View
      accessible={true}
      collapsable={false}
      focusable={true}
      onClick={[Function]}
      onResponderGrant={[Function]}
      onResponderMove={[Function]}
      onResponderRelease={[Function]}
      onResponderTerminate={[Function]}
      onResponderTerminationRequest={[Function]}
      onStartShouldSetResponder={[Function]}
      style={
        Object {
          "backgroundColor": "transparent",
          "flex": 1,
          "opacity": 1,
        }
      }
    />
    <View
      collapsable={false}
      onMoveShouldSetResponder={[Function]}
      onMoveShouldSetResponderCapture={[Function]}
      onResponderEnd={[Function]}
      onResponderGrant={[Function]}
      onResponderMove={[Function]}
      onResponderReject={[Function]}
      onResponderRelease={[Function]}
      onResponderStart={[Function]}
      onResponderTerminate={[Function]}
      onResponderTerminationRequest={[Function]}
      onStartShouldSetResponder={[Function]}
      onStartShouldSetResponderCapture={[Function]}
      style={
        Object {
          "backgroundColor": "#F3F3F3",
          "borderTopLeftRadius": 10,
          "borderTopRightRadius": 10,
          "height": 0,
          "overflow": "hidden",
          "transform": Array [
            Object {
              "translateX": 0,
            },
            Object {
              "translateY": 0,
            },
          ],
          "width": "100%",
        }
      }
    >
      <View
        style={
          Object {
            "alignItems": "center",
            "backgroundColor": "transparent",
            "width": "100%",
          }
        }
      >
        <View
          style={
            Array [
              Object {
                "borderRadius": 3,
                "height": 6,
                "margin": 10,
                "marginBottom": 0,
                "width": 40,
              },
              undefined,
              Object {
                "backgroundColor": "#A3A3A3",
              },
            ]
          }
        />
      </View>
      <Text>
        Content
      </Text>
    </View>
  </View>
</Modal>
`;
